Archive member included to satisfy reference by file (symbol)

c:/siliconlabs/simplicitystudio/v5/developer/toolchains/gnu_arm/10.2_2020q4/bin/../lib/gcc/arm-none-eabi/10.2.1/../../../../arm-none-eabi/lib/thumb/v8-m.main+fp/hard\libc_nano.a(lib_a-exit.o)
                              c:/siliconlabs/simplicitystudio/v5/developer/toolchains/gnu_arm/10.2_2020q4/bin/../lib/gcc/arm-none-eabi/10.2.1/../../../../arm-none-eabi/lib/thumb/v8-m.main+fp/hard/crt0.o (exit)
c:/siliconlabs/simplicitystudio/v5/developer/toolchains/gnu_arm/10.2_2020q4/bin/../lib/gcc/arm-none-eabi/10.2.1/../../../../arm-none-eabi/lib/thumb/v8-m.main+fp/hard\libc_nano.a(lib_a-impure.o)
                              c:/siliconlabs/simplicitystudio/v5/developer/toolchains/gnu_arm/10.2_2020q4/bin/../lib/gcc/arm-none-eabi/10.2.1/../../../../arm-none-eabi/lib/thumb/v8-m.main+fp/hard\libc_nano.a(lib_a-exit.o) (_global_impure_ptr)
c:/siliconlabs/simplicitystudio/v5/developer/toolchains/gnu_arm/10.2_2020q4/bin/../lib/gcc/arm-none-eabi/10.2.1/../../../../arm-none-eabi/lib/thumb/v8-m.main+fp/hard\libc_nano.a(lib_a-init.o)
                              c:/siliconlabs/simplicitystudio/v5/developer/toolchains/gnu_arm/10.2_2020q4/bin/../lib/gcc/arm-none-eabi/10.2.1/../../../../arm-none-eabi/lib/thumb/v8-m.main+fp/hard/crt0.o (__libc_init_array)
c:/siliconlabs/simplicitystudio/v5/developer/toolchains/gnu_arm/10.2_2020q4/bin/../lib/gcc/arm-none-eabi/10.2.1/../../../../arm-none-eabi/lib/thumb/v8-m.main+fp/hard\libc_nano.a(lib_a-memset.o)
                              c:/siliconlabs/simplicitystudio/v5/developer/toolchains/gnu_arm/10.2_2020q4/bin/../lib/gcc/arm-none-eabi/10.2.1/../../../../arm-none-eabi/lib/thumb/v8-m.main+fp/hard/crt0.o (memset)
c:/siliconlabs/simplicitystudio/v5/developer/toolchains/gnu_arm/10.2_2020q4/bin/../lib/gcc/arm-none-eabi/10.2.1/../../../../arm-none-eabi/lib/thumb/v8-m.main+fp/hard\libnosys.a(_exit.o)
                              c:/siliconlabs/simplicitystudio/v5/developer/toolchains/gnu_arm/10.2_2020q4/bin/../lib/gcc/arm-none-eabi/10.2.1/../../../../arm-none-eabi/lib/thumb/v8-m.main+fp/hard\libc_nano.a(lib_a-exit.o) (_exit)

Discarded input sections

 .text          0x00000000        0x0 c:/siliconlabs/simplicitystudio/v5/developer/toolchains/gnu_arm/10.2_2020q4/bin/../lib/gcc/arm-none-eabi/10.2.1/thumb/v8-m.main+fp/hard/crti.o
 .data          0x00000000        0x0 c:/siliconlabs/simplicitystudio/v5/developer/toolchains/gnu_arm/10.2_2020q4/bin/../lib/gcc/arm-none-eabi/10.2.1/thumb/v8-m.main+fp/hard/crti.o
 .bss           0x00000000        0x0 c:/siliconlabs/simplicitystudio/v5/developer/toolchains/gnu_arm/10.2_2020q4/bin/../lib/gcc/arm-none-eabi/10.2.1/thumb/v8-m.main+fp/hard/crti.o
 .data          0x00000000        0x4 c:/siliconlabs/simplicitystudio/v5/developer/toolchains/gnu_arm/10.2_2020q4/bin/../lib/gcc/arm-none-eabi/10.2.1/thumb/v8-m.main+fp/hard/crtbegin.o
 .rodata        0x00000000       0x24 c:/siliconlabs/simplicitystudio/v5/developer/toolchains/gnu_arm/10.2_2020q4/bin/../lib/gcc/arm-none-eabi/10.2.1/thumb/v8-m.main+fp/hard/crtbegin.o
 .data          0x00000000        0x0 c:/siliconlabs/simplicitystudio/v5/developer/toolchains/gnu_arm/10.2_2020q4/bin/../lib/gcc/arm-none-eabi/10.2.1/../../../../arm-none-eabi/lib/thumb/v8-m.main+fp/hard/crt0.o
 .bss           0x00000000        0x0 c:/siliconlabs/simplicitystudio/v5/developer/toolchains/gnu_arm/10.2_2020q4/bin/../lib/gcc/arm-none-eabi/10.2.1/../../../../arm-none-eabi/lib/thumb/v8-m.main+fp/hard/crt0.o
 .ARM.extab     0x00000000        0x0 c:/siliconlabs/simplicitystudio/v5/developer/toolchains/gnu_arm/10.2_2020q4/bin/../lib/gcc/arm-none-eabi/10.2.1/../../../../arm-none-eabi/lib/thumb/v8-m.main+fp/hard/crt0.o
 .group         0x00000000        0xc ./app.o
 .group         0x00000000        0xc ./app.o
 .text          0x00000000        0x0 ./app.o
 .data          0x00000000        0x0 ./app.o
 .bss           0x00000000        0x0 ./app.o
 .text.app_init
                0x00000000        0x2 ./app.o
 .text.app_process_action
                0x00000000        0x2 ./app.o
 .debug_info    0x00000000       0x54 ./app.o
 .debug_abbrev  0x00000000       0x4d ./app.o
 .debug_aranges
                0x00000000       0x20 ./app.o
 .debug_ranges  0x00000000       0x10 ./app.o
 .debug_macro   0x00000000       0x1a ./app.o
 .debug_macro   0x00000000      0xa8a ./app.o
 .debug_macro   0x00000000       0x10 ./app.o
 .debug_line    0x00000000       0x9f ./app.o
 .debug_str     0x00000000     0x2da4 ./app.o
 .comment       0x00000000       0x4e ./app.o
 .debug_frame   0x00000000       0x30 ./app.o
 .ARM.attributes
                0x00000000       0x3a ./app.o
 .group         0x00000000        0xc ./main.o
 .group         0x00000000        0xc ./main.o
 .group         0x00000000        0xc ./main.o
 .group         0x00000000        0xc ./main.o
 .group         0x00000000        0xc ./main.o
 .group         0x00000000        0xc ./main.o
 .group         0x00000000        0xc ./main.o
[...]
Memory Configuration

Name             Origin             Length             Attributes
FLASH            0x00000000         0x000fe000         xr
RAM              0x20000000         0x00018000         xrw
*default*        0x00000000         0xffffffff

Linker script and memory map

LOAD c:/siliconlabs/simplicitystudio/v5/developer/toolchains/gnu_arm/10.2_2020q4/bin/../lib/gcc/arm-none-eabi/10.2.1/thumb/v8-m.main+fp/hard/crti.o
LOAD c:/siliconlabs/simplicitystudio/v5/developer/toolchains/gnu_arm/10.2_2020q4/bin/../lib/gcc/arm-none-eabi/10.2.1/thumb/v8-m.main+fp/hard/crtbegin.o
LOAD c:/siliconlabs/simplicitystudio/v5/developer/toolchains/gnu_arm/10.2_2020q4/bin/../lib/gcc/arm-none-eabi/10.2.1/../../../../arm-none-eabi/lib/thumb/v8-m.main+fp/hard/crt0.o
START GROUP
LOAD ./app.o
LOAD ./main.o
LOAD ./autogen/sl_board_default_init.o
LOAD ./autogen/sl_device_init_clocks.o
LOAD ./autogen/sl_event_handler.o
LOAD ./gecko_sdk_4.0.0/hardware/board/src/sl_board_control_gpio.o
LOAD ./gecko_sdk_4.0.0/hardware/board/src/sl_board_init.o
LOAD ./gecko_sdk_4.0.0/platform/Device/SiliconLabs/EFR32MG21/Source/GCC/startup_efr32mg21.o
LOAD ./gecko_sdk_4.0.0/platform/Device/SiliconLabs/EFR32MG21/Source/system_efr32mg21.o
LOAD ./gecko_sdk_4.0.0/platform/common/toolchain/src/sl_memory.o
LOAD ./gecko_sdk_4.0.0/platform/emlib/src/em_assert.o
LOAD ./gecko_sdk_4.0.0/platform/emlib/src/em_cmu.o
LOAD ./gecko_sdk_4.0.0/platform/emlib/src/em_core.o
LOAD ./gecko_sdk_4.0.0/platform/emlib/src/em_emu.o
LOAD ./gecko_sdk_4.0.0/platform/emlib/src/em_gpio.o
LOAD ./gecko_sdk_4.0.0/platform/emlib/src/em_i2c.o
LOAD ./gecko_sdk_4.0.0/platform/emlib/src/em_system.o
LOAD ./gecko_sdk_4.0.0/platform/service/device_init/src/sl_device_init_emu_s2.o
LOAD ./gecko_sdk_4.0.0/platform/service/device_init/src/sl_device_init_hfrco.o
LOAD ./gecko_sdk_4.0.0/platform/service/device_init/src/sl_device_init_hfxo_s2.o
LOAD ./gecko_sdk_4.0.0/platform/service/device_init/src/sl_device_init_lfxo_s2.o
LOAD ./gecko_sdk_4.0.0/platform/service/device_init/src/sl_device_init_nvic.o
LOAD ./gecko_sdk_4.0.0/platform/service/system/src/sl_system_init.o
LOAD ./gecko_sdk_4.0.0/platform/service/system/src/sl_system_process_action.o
LOAD c:/siliconlabs/simplicitystudio/v5/developer/toolchains/gnu_arm/10.2_2020q4/bin/../lib/gcc/arm-none-eabi/10.2.1/thumb/v8-m.main+fp/hard\libgcc.a
LOAD c:/siliconlabs/simplicitystudio/v5/developer/toolchains/gnu_arm/10.2_2020q4/bin/../lib/gcc/arm-none-eabi/10.2.1/../../../../arm-none-eabi/lib/thumb/v8-m.main+fp/hard\libc_nano.a
LOAD c:/siliconlabs/simplicitystudio/v5/developer/toolchains/gnu_arm/10.2_2020q4/bin/../lib/gcc/arm-none-eabi/10.2.1/../../../../arm-none-eabi/lib/thumb/v8-m.main+fp/hard\libm.a
LOAD c:/siliconlabs/simplicitystudio/v5/developer/toolchains/gnu_arm/10.2_2020q4/bin/../lib/gcc/arm-none-eabi/10.2.1/../../../../arm-none-eabi/lib/thumb/v8-m.main+fp/hard\libnosys.a
END GROUP
START GROUP
LOAD c:/siliconlabs/simplicitystudio/v5/developer/toolchains/gnu_arm/10.2_2020q4/bin/../lib/gcc/arm-none-eabi/10.2.1/thumb/v8-m.main+fp/hard\libgcc.a
LOAD c:/siliconlabs/simplicitystudio/v5/developer/toolchains/gnu_arm/10.2_2020q4/bin/../lib/gcc/arm-none-eabi/10.2.1/../../../../arm-none-eabi/lib/thumb/v8-m.main+fp/hard\libc_nano.a
LOAD c:/siliconlabs/simplicitystudio/v5/developer/toolchains/gnu_arm/10.2_2020q4/bin/../lib/gcc/arm-none-eabi/10.2.1/../../../../arm-none-eabi/lib/thumb/v8-m.main+fp/hard\libnosys.a
END GROUP
START GROUP
LOAD c:/siliconlabs/simplicitystudio/v5/developer/toolchains/gnu_arm/10.2_2020q4/bin/../lib/gcc/arm-none-eabi/10.2.1/thumb/v8-m.main+fp/hard\libgcc.a
LOAD c:/siliconlabs/simplicitystudio/v5/developer/toolchains/gnu_arm/10.2_2020q4/bin/../lib/gcc/arm-none-eabi/10.2.1/../../../../arm-none-eabi/lib/thumb/v8-m.main+fp/hard\libg_nano.a
LOAD c:/siliconlabs/simplicitystudio/v5/developer/toolchains/gnu_arm/10.2_2020q4/bin/../lib/gcc/arm-none-eabi/10.2.1/../../../../arm-none-eabi/lib/thumb/v8-m.main+fp/hard\libc_nano.a
END GROUP
START GROUP
LOAD c:/siliconlabs/simplicitystudio/v5/developer/toolchains/gnu_arm/10.2_2020q4/bin/../lib/gcc/arm-none-eabi/10.2.1/thumb/v8-m.main+fp/hard\libgcc.a
LOAD c:/siliconlabs/simplicitystudio/v5/developer/toolchains/gnu_arm/10.2_2020q4/bin/../lib/gcc/arm-none-eabi/10.2.1/../../../../arm-none-eabi/lib/thumb/v8-m.main+fp/hard\libc_nano.a
END GROUP
LOAD c:/siliconlabs/simplicitystudio/v5/developer/toolchains/gnu_arm/10.2_2020q4/bin/../lib/gcc/arm-none-eabi/10.2.1/thumb/v8-m.main+fp/hard/crtend.o
LOAD c:/siliconlabs/simplicitystudio/v5/developer/toolchains/gnu_arm/10.2_2020q4/bin/../lib/gcc/arm-none-eabi/10.2.1/thumb/v8-m.main+fp/hard/crtn.o

.text           0x00000000     0x1348
                0x00000000                linker_vectors_begin = .
 *(.vectors)
 .vectors       0x00000000      0x134 ./gecko_sdk_4.0.0/platform/Device/SiliconLabs/EFR32MG21/Source/GCC/startup_efr32mg21.o
                0x00000000                __Vectors
                0x00000134                linker_vectors_end = .
                0x00000134                __Vectors_End = .
                0x00000134                __Vectors_Size = (__Vectors_End - __Vectors)
                0x00000134                linker_code_begin = .
 *(.text*)
 .text          0x00000134       0x40 c:/siliconlabs/simplicitystudio/v5/developer/toolchains/gnu_arm/10.2_2020q4/bin/../lib/gcc/arm-none-eabi/10.2.1/thumb/v8-m.main+fp/hard/crtbegin.o
 .text          0x00000174       0x7c c:/siliconlabs/simplicitystudio/v5/developer/toolchains/gnu_arm/10.2_2020q4/bin/../lib/gcc/arm-none-eabi/10.2.1/../../../../arm-none-eabi/lib/thumb/v8-m.main+fp/hard/crt0.o
                0x00000174                _stack_init
                0x0000017c                _start
                0x0000017c                _mainCRTStartup
 .text.GPIO_PinOutSet.constprop.0
                0x000001f0       0x2c ./main.o
 .text.initGPIO
                0x0000021c       0x58 ./main.o
                0x0000021c                initGPIO
 .text.initI2C  0x00000274       0x78 ./main.o
                0x00000274                initI2C
 .text.I2C_RequestAndReadback
                0x000002ec       0x50 ./main.o
                0x000002ec                I2C_RequestAndReadback
 .text.GPIO_EVEN_IRQHandler
                0x0000033c       0x2c ./main.o
                0x0000033c                GPIO_EVEN_IRQHandler
 .text.startup.main
                0x00000368       0xd4 ./main.o
                0x00000368                main
 .text.Default_Handler
                0x0000043c        0x2 ./gecko_sdk_4.0.0/platform/Device/SiliconLabs/EFR32MG21/Source/GCC/startup_efr32mg21.o
                0x0000043c                ULFRCO_IRQHandler
                0x0000043c                SW2_IRQHandler
                0x0000043c                TIMER2_IRQHandler
                0x0000043c                DebugMon_Handler
                0x0000043c                USART0_TX_IRQHandler
                0x0000043c                PRORTC_IRQHandler
                0x0000043c                IADC_IRQHandler
                0x0000043c                I2C0_IRQHandler
                0x0000043c                LFXO_IRQHandler
                0x0000043c                HardFault_Handler
                0x0000043c                SMU_SECURE_IRQHandler
                0x0000043c                SysTick_Handler
                0x0000043c                USART1_RX_IRQHandler
                0x0000043c                PendSV_Handler
                0x0000043c                NMI_Handler
                0x0000043c                SYNTH_IRQHandler
                0x0000043c                I2C1_IRQHandler
                0x0000043c                WDOG0_IRQHandler
                0x0000043c                TIMER3_IRQHandler
                0x0000043c                SYSCFG_IRQHandler
                0x0000043c                EMUSE_IRQHandler
                0x0000043c                EMUDG_IRQHandler
                0x0000043c                USART1_TX_IRQHandler
                0x0000043c                SMU_PRIVILEGED_IRQHandler
                0x0000043c                MSC_IRQHandler
                0x0000043c                DPLL0_IRQHandler
                0x0000043c                UsageFault_Handler
                0x0000043c                WDOG1_IRQHandler
                0x0000043c                M33CTI1_IRQHandler
                0x0000043c                LDMA_IRQHandler
                0x0000043c                SEMBTX_IRQHandler
                0x0000043c                SW0_IRQHandler
                0x0000043c                TIMER0_IRQHandler
                0x0000043c                LETIMER0_IRQHandler
                0x0000043c                TIMER1_IRQHandler
                0x0000043c                HFRCO0_IRQHandler
                0x0000043c                BUFC_IRQHandler
                0x0000043c                MODEM_IRQHandler
                0x0000043c                USART2_RX_IRQHandler
                0x0000043c                Default_Handler
                0x0000043c                RAC_SEQ_IRQHandler
                0x0000043c                FRC_PRI_IRQHandler
                0x0000043c                EMU_IRQHandler
                0x0000043c                SW3_IRQHandler
                0x0000043c                KERNEL0_IRQHandler
                0x0000043c                FRC_IRQHandler
                0x0000043c                KERNEL1_IRQHandler
                0x0000043c                AGC_IRQHandler
                0x0000043c                sl_app_properties
                0x0000043c                HFRCOEM23_IRQHandler
                0x0000043c                BURTC_IRQHandler
                0x0000043c                SEMBRX_IRQHandler
                0x0000043c                LFRCO_IRQHandler
                0x0000043c                ACMP0_IRQHandler
                0x0000043c                USART0_RX_IRQHandler
                0x0000043c                MemManage_Handler
                0x0000043c                SVC_Handler
                0x0000043c                RTCC_IRQHandler
                0x0000043c                HFXO00_IRQHandler
                0x0000043c                SW1_IRQHandler
                0x0000043c                CMU_IRQHandler
                0x0000043c                RAC_RSM_IRQHandler
                0x0000043c                SETAMPERHOST_IRQHandler
                0x0000043c                GPIO_ODD_IRQHandler
                0x0000043c                AES_IRQHandler
                0x0000043c                M33CTI0_IRQHandler
                0x0000043c                ICACHE0_IRQHandler
                0x0000043c                PROTIMER_IRQHandler
                0x0000043c                ACMP1_IRQHandler
                0x0000043c                BusFault_Handler
                0x0000043c                USART2_TX_IRQHandler
 *fill*         0x0000043e        0x2 
 .text.Reset_Handler
                0x00000440       0x2c ./gecko_sdk_4.0.0/platform/Device/SiliconLabs/EFR32MG21/Source/GCC/startup_efr32mg21.o
                0x00000440                Reset_Handler
 .text.SystemInit
                0x0000046c       0x1c ./gecko_sdk_4.0.0/platform/Device/SiliconLabs/EFR32MG21/Source/system_efr32mg21.o
                0x0000046c                SystemInit
 .text.SystemHFRCODPLLClockGet
                0x00000488        0xc ./gecko_sdk_4.0.0/platform/Device/SiliconLabs/EFR32MG21/Source/system_efr32mg21.o
                0x00000488                SystemHFRCODPLLClockGet
 .text.SystemSYSCLKGet
                0x00000494       0x34 ./gecko_sdk_4.0.0/platform/Device/SiliconLabs/EFR32MG21/Source/system_efr32mg21.o
                0x00000494                SystemSYSCLKGet
 .text.SystemHCLKGet
                0x000004c8       0x24 ./gecko_sdk_4.0.0/platform/Device/SiliconLabs/EFR32MG21/Source/system_efr32mg21.o
                0x000004c8                SystemHCLKGet
 .text.SystemHFXOClockGet
                0x000004ec        0xc ./gecko_sdk_4.0.0/platform/Device/SiliconLabs/EFR32MG21/Source/system_efr32mg21.o
                0x000004ec                SystemHFXOClockGet
 .text.SystemCLKIN0Get
                0x000004f8        0x4 ./gecko_sdk_4.0.0/platform/Device/SiliconLabs/EFR32MG21/Source/system_efr32mg21.o
                0x000004f8                SystemCLKIN0Get
 .text.SystemFSRCOClockGet
                0x000004fc        0x8 ./gecko_sdk_4.0.0/platform/Device/SiliconLabs/EFR32MG21/Source/system_efr32mg21.o
                0x000004fc                SystemFSRCOClockGet
 .text.SystemHFRCOEM23ClockGet
                0x00000504       0x88 ./gecko_sdk_4.0.0/platform/Device/SiliconLabs/EFR32MG21/Source/system_efr32mg21.o
                0x00000504                SystemHFRCOEM23ClockGet
 .text.SystemLFRCOClockGet
                0x0000058c        0x6 ./gecko_sdk_4.0.0/platform/Device/SiliconLabs/EFR32MG21/Source/system_efr32mg21.o
                0x0000058c                SystemLFRCOClockGet
 .text.SystemULFRCOClockGet
                0x00000592        0x6 ./gecko_sdk_4.0.0/platform/Device/SiliconLabs/EFR32MG21/Source/system_efr32mg21.o
                0x00000592                SystemULFRCOClockGet
 .text.SystemLFXOClockGet
                0x00000598        0xc ./gecko_sdk_4.0.0/platform/Device/SiliconLabs/EFR32MG21/Source/system_efr32mg21.o
                0x00000598                SystemLFXOClockGet
 .text.assertEFM
                0x000005a4        0x2 ./gecko_sdk_4.0.0/platform/emlib/src/em_assert.o
                0x000005a4                assertEFM
 *fill*         0x000005a6        0x2 
 .text.traceClkGet
                0x000005a8       0x48 ./gecko_sdk_4.0.0/platform/emlib/src/em_cmu.o
 .text.em01GrpaClkGet
                0x000005f0       0x60 ./gecko_sdk_4.0.0/platform/emlib/src/em_cmu.o
 .text.iadcClkGet
                0x00000650       0x64 ./gecko_sdk_4.0.0/platform/emlib/src/em_cmu.o
 .text.em23GrpaClkGet
                0x000006b4       0x54 ./gecko_sdk_4.0.0/platform/emlib/src/em_cmu.o
 .text.em4GrpaClkGet
                0x00000708       0x54 ./gecko_sdk_4.0.0/platform/emlib/src/em_cmu.o
 .text.wdog0ClkGet
                0x0000075c       0x60 ./gecko_sdk_4.0.0/platform/emlib/src/em_cmu.o
 .text.wdog1ClkGet
                0x000007bc       0x60 ./gecko_sdk_4.0.0/platform/emlib/src/em_cmu.o
 .text.rtccClkGet
                0x0000081c       0x54 ./gecko_sdk_4.0.0/platform/emlib/src/em_cmu.o
 .text.dpllRefClkGet
                0x00000870       0x48 ./gecko_sdk_4.0.0/platform/emlib/src/em_cmu.o
 .text.CMU_ClockDivGet
                0x000008b8       0x50 ./gecko_sdk_4.0.0/platform/emlib/src/em_cmu.o
                0x000008b8                CMU_ClockDivGet
 .text.CMU_ClockFreqGet
                0x00000908      0x104 ./gecko_sdk_4.0.0/platform/emlib/src/em_cmu.o
                0x00000908                CMU_ClockFreqGet
 .text.CORE_EnterCritical
                0x00000a0c        0x8 ./gecko_sdk_4.0.0/platform/emlib/src/em_core.o
                0x00000a0c                CORE_EnterCritical
 .text.CORE_ExitCritical
                0x00000a14        0x6 ./gecko_sdk_4.0.0/platform/emlib/src/em_core.o
                0x00000a14                CORE_ExitCritical
 *fill*         0x00000a1a        0x2 
 .text.BUS_RegBitWrite
                0x00000a1c       0x30 ./gecko_sdk_4.0.0/platform/emlib/src/em_gpio.o
 .text.GPIO_PinOutSet
                0x00000a4c       0x50 ./gecko_sdk_4.0.0/platform/emlib/src/em_gpio.o
 .text.GPIO_PinOutClear
                0x00000a9c       0x50 ./gecko_sdk_4.0.0/platform/emlib/src/em_gpio.o
 .text.BUS_RegMaskedWrite
                0x00000aec       0x22 ./gecko_sdk_4.0.0/platform/emlib/src/em_gpio.o
 *fill*         0x00000b0e        0x2 
 .text.GPIO_ExtIntConfig
                0x00000b10       0xc8 ./gecko_sdk_4.0.0/platform/emlib/src/em_gpio.o
                0x00000b10                GPIO_ExtIntConfig
 .text.GPIO_PinModeSet
                0x00000bd8       0x9c ./gecko_sdk_4.0.0/platform/emlib/src/em_gpio.o
                0x00000bd8                GPIO_PinModeSet
 .text.I2C_BusFreqSet
                0x00000c74       0xe8 ./gecko_sdk_4.0.0/platform/emlib/src/em_i2c.o
                0x00000c74                I2C_BusFreqSet
 .text.I2C_Enable
                0x00000d5c       0x3c ./gecko_sdk_4.0.0/platform/emlib/src/em_i2c.o
                0x00000d5c                I2C_Enable
 .text.I2C_Init
                0x00000d98       0x68 ./gecko_sdk_4.0.0/platform/emlib/src/em_i2c.o
                0x00000d98                I2C_Init
 .text.I2C_Transfer
                0x00000e00      0x228 ./gecko_sdk_4.0.0/platform/emlib/src/em_i2c.o
                0x00000e00                I2C_Transfer
 .text.I2C_TransferInit
                0x00001028       0xbc ./gecko_sdk_4.0.0/platform/emlib/src/em_i2c.o
                0x00001028                I2C_TransferInit
 .text.SYSTEM_ChipRevisionGet
                0x000010e4       0x1c ./gecko_sdk_4.0.0/platform/emlib/src/em_system.o
                0x000010e4                SYSTEM_ChipRevisionGet
 .text.exit     0x00001100       0x28 c:/siliconlabs/simplicitystudio/v5/developer/toolchains/gnu_arm/10.2_2020q4/bin/../lib/gcc/arm-none-eabi/10.2.1/../../../../arm-none-eabi/lib/thumb/v8-m.main+fp/hard\libc_nano.a(lib_a-exit.o)
                0x00001100                exit
 .text.__libc_init_array
                0x00001128       0x48 c:/siliconlabs/simplicitystudio/v5/developer/toolchains/gnu_arm/10.2_2020q4/bin/../lib/gcc/arm-none-eabi/10.2.1/../../../../arm-none-eabi/lib/thumb/v8-m.main+fp/hard\libc_nano.a(lib_a-init.o)
                0x00001128                __libc_init_array
 .text.memset   0x00001170       0x10 c:/siliconlabs/simplicitystudio/v5/developer/toolchains/gnu_arm/10.2_2020q4/bin/../lib/gcc/arm-none-eabi/10.2.1/../../../../arm-none-eabi/lib/thumb/v8-m.main+fp/hard\libc_nano.a(lib_a-memset.o)
                0x00001170                memset
 .text._exit    0x00001180        0x4 c:/siliconlabs/simplicitystudio/v5/developer/toolchains/gnu_arm/10.2_2020q4/bin/../lib/gcc/arm-none-eabi/10.2.1/../../../../arm-none-eabi/lib/thumb/v8-m.main+fp/hard\libnosys.a(_exit.o)
                0x00001180                _exit
                0x00001184                linker_code_end = .
 *(.init)
 .init          0x00001184        0x4 c:/siliconlabs/simplicitystudio/v5/developer/toolchains/gnu_arm/10.2_2020q4/bin/../lib/gcc/arm-none-eabi/10.2.1/thumb/v8-m.main+fp/hard/crti.o
                0x00001184                _init
 .init          0x00001188        0x8 c:/siliconlabs/simplicitystudio/v5/developer/toolchains/gnu_arm/10.2_2020q4/bin/../lib/gcc/arm-none-eabi/10.2.1/thumb/v8-m.main+fp/hard/crtn.o
 *(.fini)
 .fini          0x00001190        0x4 c:/siliconlabs/simplicitystudio/v5/developer/toolchains/gnu_arm/10.2_2020q4/bin/../lib/gcc/arm-none-eabi/10.2.1/thumb/v8-m.main+fp/hard/crti.o
                0x00001190                _fini
 .fini          0x00001194        0x8 c:/siliconlabs/simplicitystudio/v5/developer/toolchains/gnu_arm/10.2_2020q4/bin/../lib/gcc/arm-none-eabi/10.2.1/thumb/v8-m.main+fp/hard/crtn.o
 *crtbegin.o(.ctors)
 *crtbegin?.o(.ctors)
 *(EXCLUDE_FILE(*crtend.o *crtend?.o) .ctors)
 *(SORT_BY_NAME(.ctors.*))
 *(.ctors)
 *crtbegin.o(.dtors)
 *crtbegin?.o(.dtors)
 *(EXCLUDE_FILE(*crtend.o *crtend?.o) .dtors)
 *(SORT_BY_NAME(.dtors.*))
 *(.dtors)
 *(.rodata*)
 .rodata.GPIO_PinOutSet.constprop.0.str1.1
                0x0000119c       0x4c ./main.o
 .rodata        0x000011e8       0x10 ./main.o
 .rodata.HFRCODPLLDevinfoGet.str1.1
                0x000011f8       0x4b ./gecko_sdk_4.0.0/platform/emlib/src/em_cmu.o
 .rodata.BUS_RegBitWrite.str1.1
                0x00001243       0x4b ./gecko_sdk_4.0.0/platform/emlib/src/em_gpio.o
 .rodata.GPIO_PinOutSet.str1.1
                0x0000128e       0x4c ./gecko_sdk_4.0.0/platform/emlib/src/em_gpio.o
 .rodata.GPIO_ExtIntConfig.str1.1
                0x0000128e       0x4c ./gecko_sdk_4.0.0/platform/emlib/src/em_gpio.o
 .rodata.I2C_BusFreqGet.str1.1
                0x000012da       0x4b ./gecko_sdk_4.0.0/platform/emlib/src/em_i2c.o
 *fill*         0x00001325        0x3 
 .rodata.CSWTCH.12
                0x00001328        0xc ./gecko_sdk_4.0.0/platform/emlib/src/em_i2c.o
 .rodata.CSWTCH.13
                0x00001334        0xc ./gecko_sdk_4.0.0/platform/emlib/src/em_i2c.o
 .rodata.i2cNSum
                0x00001340        0x4 ./gecko_sdk_4.0.0/platform/emlib/src/em_i2c.o
 .rodata._global_impure_ptr
                0x00001344        0x4 c:/siliconlabs/simplicitystudio/v5/developer/toolchains/gnu_arm/10.2_2020q4/bin/../lib/gcc/arm-none-eabi/10.2.1/../../../../arm-none-eabi/lib/thumb/v8-m.main+fp/hard\libc_nano.a(lib_a-impure.o)
                0x00001344                _global_impure_ptr
 *(.eh_frame*)
 .eh_frame      0x00001348        0x0 c:/siliconlabs/simplicitystudio/v5/developer/toolchains/gnu_arm/10.2_2020q4/bin/../lib/gcc/arm-none-eabi/10.2.1/thumb/v8-m.main+fp/hard/crtbegin.o

.glue_7         0x00001348        0x0
 .glue_7        0x00001348        0x0 linker stubs

.glue_7t        0x00001348        0x0
 .glue_7t       0x00001348        0x0 linker stubs

.vfp11_veneer   0x00001348        0x0
 .vfp11_veneer  0x00001348        0x0 linker stubs

.v4_bx          0x00001348        0x0
 .v4_bx         0x00001348        0x0 linker stubs

.iplt           0x00001348        0x0
 .iplt          0x00001348        0x0 c:/siliconlabs/simplicitystudio/v5/developer/toolchains/gnu_arm/10.2_2020q4/bin/../lib/gcc/arm-none-eabi/10.2.1/thumb/v8-m.main+fp/hard/crtbegin.o

.ARM.extab
 *(.ARM.extab* .gnu.linkonce.armextab.*)
                0x00001348                __exidx_start = .

.ARM.exidx      0x00001348        0x8
 *(.ARM.exidx* .gnu.linkonce.armexidx.*)
 .ARM.exidx     0x00001348        0x8 c:/siliconlabs/simplicitystudio/v5/developer/toolchains/gnu_arm/10.2_2020q4/bin/../lib/gcc/arm-none-eabi/10.2.1/../../../../arm-none-eabi/lib/thumb/v8-m.main+fp/hard/crt0.o
                                 0x10 (size before relaxing)
                0x00001350                __exidx_end = .
                0x00001350                __etext = .

.rel.dyn        0x00001350        0x0
 .rel.iplt      0x00001350        0x0 c:/siliconlabs/simplicitystudio/v5/developer/toolchains/gnu_arm/10.2_2020q4/bin/../lib/gcc/arm-none-eabi/10.2.1/thumb/v8-m.main+fp/hard/crtbegin.o
                0x20000000                . = ORIGIN (RAM)

.stack          0x20000000     0x1000
                0x20000000                __StackLimit = .
 *(.stack*)
 .stack         0x20000000        0x0 ./gecko_sdk_4.0.0/platform/Device/SiliconLabs/EFR32MG21/Source/GCC/startup_efr32mg21.o
 .stack         0x20000000     0x1000 ./gecko_sdk_4.0.0/platform/common/toolchain/src/sl_memory.o
                0x20001000                . = ALIGN (0x4)
                0x20001000                __StackTop = .
                0x20001000                PROVIDE (__stack = __StackTop)

.noinit
 *(.noinit*)

.data           0x20001000       0x78 load address 0x00001350
                0x20001000                . = ALIGN (0x4)
                0x20001000                __data_start__ = .
 *(vtable)
 *(.data*)
 .data.SystemCoreClock
                0x20001000        0x4 ./gecko_sdk_4.0.0/platform/Device/SiliconLabs/EFR32MG21/Source/system_efr32mg21.o
                0x20001000                SystemCoreClock
 .data.SystemHFRCODPLLClock
                0x20001004        0x4 ./gecko_sdk_4.0.0/platform/Device/SiliconLabs/EFR32MG21/Source/system_efr32mg21.o
 .data.SystemHFXOClock
                0x20001008        0x4 ./gecko_sdk_4.0.0/platform/Device/SiliconLabs/EFR32MG21/Source/system_efr32mg21.o
 .data.SystemLFXOClock
                0x2000100c        0x4 ./gecko_sdk_4.0.0/platform/Device/SiliconLabs/EFR32MG21/Source/system_efr32mg21.o
 .data.impure_data
                0x20001010       0x60 c:/siliconlabs/simplicitystudio/v5/developer/toolchains/gnu_arm/10.2_2020q4/bin/../lib/gcc/arm-none-eabi/10.2.1/../../../../arm-none-eabi/lib/thumb/v8-m.main+fp/hard\libc_nano.a(lib_a-impure.o)
                0x20001070                . = ALIGN (0x4)
                [!provide]                PROVIDE (__ram_func_section_start = .)
 *(.ram)
                [!provide]                PROVIDE (__ram_func_section_end = .)
                0x20001070                . = ALIGN (0x4)
                0x20001070                PROVIDE (__preinit_array_start = .)
 *(.preinit_array)
                0x20001070                PROVIDE (__preinit_array_end = .)
                0x20001070                . = ALIGN (0x4)
                0x20001070                PROVIDE (__init_array_start = .)
 *(SORT_BY_NAME(.init_array.*))
 *(.init_array)
 .init_array    0x20001070        0x4 c:/siliconlabs/simplicitystudio/v5/developer/toolchains/gnu_arm/10.2_2020q4/bin/../lib/gcc/arm-none-eabi/10.2.1/thumb/v8-m.main+fp/hard/crtbegin.o
                0x20001074                PROVIDE (__init_array_end = .)
                0x20001074                . = ALIGN (0x4)
                [!provide]                PROVIDE (__fini_array_start = .)
 *(SORT_BY_NAME(.fini_array.*))
 *(.fini_array)
 .fini_array    0x20001074        0x4 c:/siliconlabs/simplicitystudio/v5/developer/toolchains/gnu_arm/10.2_2020q4/bin/../lib/gcc/arm-none-eabi/10.2.1/thumb/v8-m.main+fp/hard/crtbegin.o
                [!provide]                PROVIDE (__fini_array_end = .)
                0x20001078                . = ALIGN (0x4)
                0x20001078                __data_end__ = .

.igot.plt       0x20001078        0x0 load address 0x000013c8
 .igot.plt      0x20001078        0x0 c:/siliconlabs/simplicitystudio/v5/developer/toolchains/gnu_arm/10.2_2020q4/bin/../lib/gcc/arm-none-eabi/10.2.1/thumb/v8-m.main+fp/hard/crtbegin.o

.bss            0x20001078       0x40 load address 0x000013c8
                0x20001078                . = ALIGN (0x4)
                0x20001078                __bss_start__ = .
 *(.bss*)
 .bss           0x20001078       0x1c c:/siliconlabs/simplicitystudio/v5/developer/toolchains/gnu_arm/10.2_2020q4/bin/../lib/gcc/arm-none-eabi/10.2.1/thumb/v8-m.main+fp/hard/crtbegin.o
 .bss.i2c_rxBuffer
                0x20001094        0xa ./main.o
                0x20001094                i2c_rxBuffer
 .bss.i2c_startTx
                0x2000109e        0x1 ./main.o
                0x2000109e                i2c_startTx
 *fill*         0x2000109f        0x1 
 .bss.i2cTransfer
                0x200010a0       0x18 ./gecko_sdk_4.0.0/platform/emlib/src/em_i2c.o
 *(COMMON)
                0x200010b8                . = ALIGN (0x4)
                0x200010b8                __bss_end__ = .

.heap           0x200010b8    0x16f48
                0x200010b8                __HeapBase = .
                0x200010b8                __end__ = .
                0x200010b8                end = __end__
                0x200010b8                _end = __end__
 *(.heap*)
 .heap          0x200010b8      0x800 ./gecko_sdk_4.0.0/platform/common/toolchain/src/sl_memory.o
                0x20018000                . = (ORIGIN (RAM) + LENGTH (RAM))
 *fill*         0x200018b8    0x16748 
                0x20018000                __HeapLimit = .
                0x00016f48                __heap_size = (__HeapLimit - __HeapBase)
                0x000fe000                __main_flash_end__ = 0xfe000

.internal_storage
                0x00001350        0x0
 *(.internal_storage*)

.nvm            0x00001350        0x0
 *(.simee*)
                0x000fe000                linker_nvm_end = __main_flash_end__
                0x000fe000                linker_nvm_begin = (linker_nvm_end - SIZEOF (.nvm))
                0x00000000                linker_nvm_size = SIZEOF (.nvm)
                0x000fe000                linker_storage_end = linker_nvm_begin
                0x000fe000                linker_storage_begin = (linker_storage_end - SIZEOF (.internal_storage))
                0x00000000                linker_storage_size = SIZEOF (.internal_storage)
                0x000fe000                __nvm3Base = linker_nvm_begin
OUTPUT(I2C_Si7021.axf elf32-littlearm)
LOAD linker stubs

.ARM.attributes
                0x00000000       0x36
 .ARM.attributes
                0x00000000       0x22 c:/siliconlabs/simplicitystudio/v5/developer/toolchains/gnu_arm/10.2_2020q4/bin/../lib/gcc/arm-none-eabi/10.2.1/thumb/v8-m.main+fp/hard/crti.o
 .ARM.attributes
                0x00000022       0x38 c:/siliconlabs/simplicitystudio/v5/developer/toolchains/gnu_arm/10.2_2020q4/bin/../lib/gcc/arm-none-eabi/10.2.1/thumb/v8-m.main+fp/hard/crtbegin.o
 .ARM.attributes
                0x0000005a       0x20 c:/siliconlabs/simplicitystudio/v5/developer/toolchains/gnu_arm/10.2_2020q4/bin/../lib/gcc/arm-none-eabi/10.2.1/../../../../arm-none-eabi/lib/thumb/v8-m.main+fp/hard/crt0.o
 .ARM.attributes
                0x0000007a       0x3a ./main.o
 .ARM.attributes
                0x000000b4       0x3a ./gecko_sdk_4.0.0/platform/Device/SiliconLabs/EFR32MG21/Source/GCC/startup_efr32mg21.o
 .ARM.attributes
                0x000000ee       0x3a ./gecko_sdk_4.0.0/platform/Device/SiliconLabs/EFR32MG21/Source/system_efr32mg21.o
 .ARM.attributes
                0x00000128       0x3a ./gecko_sdk_4.0.0/platform/common/toolchain/src/sl_memory.o
 .ARM.attributes
                0x00000162       0x3a ./gecko_sdk_4.0.0/platform/emlib/src/em_assert.o
 .ARM.attributes
                0x0000019c       0x3a ./gecko_sdk_4.0.0/platform/emlib/src/em_cmu.o
 .ARM.attributes
                0x000001d6       0x3a ./gecko_sdk_4.0.0/platform/emlib/src/em_core.o
 .ARM.attributes
                0x00000210       0x3a ./gecko_sdk_4.0.0/platform/emlib/src/em_gpio.o
 .ARM.attributes
                0x0000024a       0x3a ./gecko_sdk_4.0.0/platform/emlib/src/em_i2c.o
 .ARM.attributes
                0x00000284       0x3a ./gecko_sdk_4.0.0/platform/emlib/src/em_system.o
 .ARM.attributes
                0x000002be       0x38 c:/siliconlabs/simplicitystudio/v5/developer/toolchains/gnu_arm/10.2_2020q4/bin/../lib/gcc/arm-none-eabi/10.2.1/../../../../arm-none-eabi/lib/thumb/v8-m.main+fp/hard\libc_nano.a(lib_a-exit.o)
 .ARM.attributes
                0x000002f6       0x36 c:/siliconlabs/simplicitystudio/v5/developer/toolchains/gnu_arm/10.2_2020q4/bin/../lib/gcc/arm-none-eabi/10.2.1/../../../../arm-none-eabi/lib/thumb/v8-m.main+fp/hard\libc_nano.a(lib_a-impure.o)
 .ARM.attributes
                0x0000032c       0x38 c:/siliconlabs/simplicitystudio/v5/developer/toolchains/gnu_arm/10.2_2020q4/bin/../lib/gcc/arm-none-eabi/10.2.1/../../../../arm-none-eabi/lib/thumb/v8-m.main+fp/hard\libc_nano.a(lib_a-init.o)
 .ARM.attributes
                0x00000364       0x38 c:/siliconlabs/simplicitystudio/v5/developer/toolchains/gnu_arm/10.2_2020q4/bin/../lib/gcc/arm-none-eabi/10.2.1/../../../../arm-none-eabi/lib/thumb/v8-m.main+fp/hard\libc_nano.a(lib_a-memset.o)
 .ARM.attributes
                0x0000039c       0x38 c:/siliconlabs/simplicitystudio/v5/developer/toolchains/gnu_arm/10.2_2020q4/bin/../lib/gcc/arm-none-eabi/10.2.1/../../../../arm-none-eabi/lib/thumb/v8-m.main+fp/hard\libnosys.a(_exit.o)
 .ARM.attributes
                0x000003d4       0x22 c:/siliconlabs/simplicitystudio/v5/developer/toolchains/gnu_arm/10.2_2020q4/bin/../lib/gcc/arm-none-eabi/10.2.1/thumb/v8-m.main+fp/hard/crtn.o

.comment        0x00000000       0x4d
 .comment       0x00000000       0x4d ./main.o
                                 0x4e (size before relaxing)
 .comment       0x0000004d       0x4e ./gecko_sdk_4.0.0/platform/Device/SiliconLabs/EFR32MG21/Source/GCC/startup_efr32mg21.o
 .comment       0x0000004d       0x4e ./gecko_sdk_4.0.0/platform/Device/SiliconLabs/EFR32MG21/Source/system_efr32mg21.o
 .comment       0x0000004d       0x4e ./gecko_sdk_4.0.0/platform/common/toolchain/src/sl_memory.o
 .comment       0x0000004d       0x4e ./gecko_sdk_4.0.0/platform/emlib/src/em_assert.o
 .comment       0x0000004d       0x4e ./gecko_sdk_4.0.0/platform/emlib/src/em_cmu.o
 .comment       0x0000004d       0x4e ./gecko_sdk_4.0.0/platform/emlib/src/em_core.o
 .comment       0x0000004d       0x4e ./gecko_sdk_4.0.0/platform/emlib/src/em_gpio.o
 .comment       0x0000004d       0x4e ./gecko_sdk_4.0.0/platform/emlib/src/em_i2c.o
 .comment       0x0000004d       0x4e ./gecko_sdk_4.0.0/platform/emlib/src/em_system.o

.debug_info     0x00000000     0xfe17
 .debug_info    0x00000000     0x308e ./main.o
 .debug_info    0x0000308e      0x21f ./gecko_sdk_4.0.0/platform/Device/SiliconLabs/EFR32MG21/Source/GCC/startup_efr32mg21.o
 .debug_info    0x000032ad     0x1486 ./gecko_sdk_4.0.0/platform/Device/SiliconLabs/EFR32MG21/Source/system_efr32mg21.o
 .debug_info    0x00004733      0x209 ./gecko_sdk_4.0.0/platform/common/toolchain/src/sl_memory.o
 .debug_info    0x0000493c       0x8a ./gecko_sdk_4.0.0/platform/emlib/src/em_assert.o
 .debug_info    0x000049c6     0x6290 ./gecko_sdk_4.0.0/platform/emlib/src/em_cmu.o
 .debug_info    0x0000ac56     0x13ce ./gecko_sdk_4.0.0/platform/emlib/src/em_core.o
 .debug_info    0x0000c024     0x1e63 ./gecko_sdk_4.0.0/platform/emlib/src/em_gpio.o
 .debug_info    0x0000de87     0x12a3 ./gecko_sdk_4.0.0/platform/emlib/src/em_i2c.o
 .debug_info    0x0000f12a      0xced ./gecko_sdk_4.0.0/platform/emlib/src/em_system.o

.debug_abbrev   0x00000000     0x1942
 .debug_abbrev  0x00000000      0x39d ./main.o
 .debug_abbrev  0x0000039d      0x148 ./gecko_sdk_4.0.0/platform/Device/SiliconLabs/EFR32MG21/Source/GCC/startup_efr32mg21.o
 .debug_abbrev  0x000004e5      0x274 ./gecko_sdk_4.0.0/platform/Device/SiliconLabs/EFR32MG21/Source/system_efr32mg21.o
 .debug_abbrev  0x00000759      0x121 ./gecko_sdk_4.0.0/platform/common/toolchain/src/sl_memory.o
 .debug_abbrev  0x0000087a       0x6f ./gecko_sdk_4.0.0/platform/emlib/src/em_assert.o
 .debug_abbrev  0x000008e9      0x47d ./gecko_sdk_4.0.0/platform/emlib/src/em_cmu.o
 .debug_abbrev  0x00000d66      0x316 ./gecko_sdk_4.0.0/platform/emlib/src/em_core.o
 .debug_abbrev  0x0000107c      0x315 ./gecko_sdk_4.0.0/platform/emlib/src/em_gpio.o
 .debug_abbrev  0x00001391      0x3f7 ./gecko_sdk_4.0.0/platform/emlib/src/em_i2c.o
 .debug_abbrev  0x00001788      0x1ba ./gecko_sdk_4.0.0/platform/emlib/src/em_system.o

.debug_loc      0x00000000     0x5a13
 .debug_loc     0x00000000      0x55e ./main.o
 .debug_loc     0x0000055e       0x9c ./gecko_sdk_4.0.0/platform/Device/SiliconLabs/EFR32MG21/Source/GCC/startup_efr32mg21.o
 .debug_loc     0x000005fa      0x18d ./gecko_sdk_4.0.0/platform/Device/SiliconLabs/EFR32MG21/Source/system_efr32mg21.o
 .debug_loc     0x00000787       0x9c ./gecko_sdk_4.0.0/platform/common/toolchain/src/sl_memory.o
 .debug_loc     0x00000823       0x2a ./gecko_sdk_4.0.0/platform/emlib/src/em_assert.o
 .debug_loc     0x0000084d     0x2e62 ./gecko_sdk_4.0.0/platform/emlib/src/em_cmu.o
 .debug_loc     0x000036af      0x8ae ./gecko_sdk_4.0.0/platform/emlib/src/em_core.o
 .debug_loc     0x00003f5d      0xa9f ./gecko_sdk_4.0.0/platform/emlib/src/em_gpio.o
 .debug_loc     0x000049fc      0xf3e ./gecko_sdk_4.0.0/platform/emlib/src/em_i2c.o
 .debug_loc     0x0000593a       0xd9 ./gecko_sdk_4.0.0/platform/emlib/src/em_system.o

.debug_aranges  0x00000000      0x478
 .debug_aranges
                0x00000000       0x58 ./main.o
 .debug_aranges
                0x00000058       0x28 ./gecko_sdk_4.0.0/platform/Device/SiliconLabs/EFR32MG21/Source/GCC/startup_efr32mg21.o
 .debug_aranges
                0x00000080       0x90 ./gecko_sdk_4.0.0/platform/Device/SiliconLabs/EFR32MG21/Source/system_efr32mg21.o
 .debug_aranges
                0x00000110       0x30 ./gecko_sdk_4.0.0/platform/common/toolchain/src/sl_memory.o
 .debug_aranges
                0x00000140       0x20 ./gecko_sdk_4.0.0/platform/emlib/src/em_assert.o
 .debug_aranges
                0x00000160      0x148 ./gecko_sdk_4.0.0/platform/emlib/src/em_cmu.o
 .debug_aranges
                0x000002a8       0xe8 ./gecko_sdk_4.0.0/platform/emlib/src/em_core.o
 .debug_aranges
                0x00000390       0x68 ./gecko_sdk_4.0.0/platform/emlib/src/em_gpio.o
 .debug_aranges
                0x000003f8       0x50 ./gecko_sdk_4.0.0/platform/emlib/src/em_i2c.o
 .debug_aranges
                0x00000448       0x30 ./gecko_sdk_4.0.0/platform/emlib/src/em_system.o

.debug_ranges   0x00000000      0x6f0
 .debug_ranges  0x00000000       0xd8 ./main.o
 .debug_ranges  0x000000d8       0x18 ./gecko_sdk_4.0.0/platform/Device/SiliconLabs/EFR32MG21/Source/GCC/startup_efr32mg21.o
 .debug_ranges  0x000000f0       0x80 ./gecko_sdk_4.0.0/platform/Device/SiliconLabs/EFR32MG21/Source/system_efr32mg21.o
 .debug_ranges  0x00000170       0x20 ./gecko_sdk_4.0.0/platform/common/toolchain/src/sl_memory.o
 .debug_ranges  0x00000190       0x10 ./gecko_sdk_4.0.0/platform/emlib/src/em_assert.o
 .debug_ranges  0x000001a0      0x1a8 ./gecko_sdk_4.0.0/platform/emlib/src/em_cmu.o
 .debug_ranges  0x00000348      0x188 ./gecko_sdk_4.0.0/platform/emlib/src/em_core.o
 .debug_ranges  0x000004d0       0x70 ./gecko_sdk_4.0.0/platform/emlib/src/em_gpio.o
 .debug_ranges  0x00000540      0x178 ./gecko_sdk_4.0.0/platform/emlib/src/em_i2c.o
 .debug_ranges  0x000006b8       0x38 ./gecko_sdk_4.0.0/platform/emlib/src/em_system.o

.debug_macro    0x00000000    0x2f231
 .debug_macro   0x00000000      0x437 ./main.o
 .debug_macro   0x00000437       0x22 ./main.o
 .debug_macro   0x00000459       0x5e ./main.o
 .debug_macro   0x000004b7       0x18 ./main.o
 .debug_macro   0x000004cf       0x5c ./main.o
 .debug_macro   0x0000052b       0x35 ./main.o
 .debug_macro   0x00000560       0x34 ./main.o
 .debug_macro   0x00000594       0x16 ./main.o
 .debug_macro   0x000005aa       0x57 ./main.o
 .debug_macro   0x00000601       0x97 ./main.o
 .debug_macro   0x00000698      0x356 ./main.o
 .debug_macro   0x000009ee       0xf6 ./main.o
 .debug_macro   0x00000ae4       0x10 ./main.o
 .debug_macro   0x00000af4       0x16 ./main.o
 .debug_macro   0x00000b0a       0x43 ./main.o
 .debug_macro   0x00000b4d       0x34 ./main.o
 .debug_macro   0x00000b81       0x10 ./main.o
 .debug_macro   0x00000b91       0x58 ./main.o
 .debug_macro   0x00000be9      0x182 ./main.o
 .debug_macro   0x00000d6b       0x10 ./main.o
 .debug_macro   0x00000d7b       0x6a ./main.o
 .debug_macro   0x00000de5       0xb2 ./main.o
 .debug_macro   0x00000e97       0x16 ./main.o
 .debug_macro   0x00000ead      0x129 ./main.o
 .debug_macro   0x00000fd6      0x6d9 ./main.o
 .debug_macro   0x000016af      0x103 ./main.o
 .debug_macro   0x000017b2      0x1df ./main.o
 .debug_macro   0x00001991       0x1c ./main.o
 .debug_macro   0x000019ad       0x29 ./main.o
 .debug_macro   0x000019d6       0xd9 ./main.o
 .debug_macro   0x00001aaf     0x1401 ./main.o
 .debug_macro   0x00002eb0       0x5e ./main.o
 .debug_macro   0x00002f0e      0xc3b ./main.o
 .debug_macro   0x00003b49      0xaba ./main.o
 .debug_macro   0x00004603      0x813 ./main.o
 .debug_macro   0x00004e16      0x300 ./main.o
 .debug_macro   0x00005116       0x34 ./main.o
 .debug_macro   0x0000514a      0x304 ./main.o
 .debug_macro   0x0000544e      0x456 ./main.o
 .debug_macro   0x000058a4      0x294 ./main.o
 .debug_macro   0x00005b38      0x156 ./main.o
 .debug_macro   0x00005c8e      0x699 ./main.o
 .debug_macro   0x00006327      0x363 ./main.o
 .debug_macro   0x0000668a     0x14e6 ./main.o
 .debug_macro   0x00007b70       0x10 ./main.o
 .debug_macro   0x00007b80      0x791 ./main.o
 .debug_macro   0x00008311     0x1eea ./main.o
 .debug_macro   0x0000a1fb      0xcb2 ./main.o
 .debug_macro   0x0000aead       0x4c ./main.o
 .debug_macro   0x0000aef9     0x15b8 ./main.o
 .debug_macro   0x0000c4b1     0x210a ./main.o
 .debug_macro   0x0000e5bb      0x53c ./main.o
 .debug_macro   0x0000eaf7      0xfe5 ./main.o
 .debug_macro   0x0000fadc       0x10 ./main.o
 .debug_macro   0x0000faec      0x821 ./main.o
 .debug_macro   0x0001030d       0x34 ./main.o
 .debug_macro   0x00010341      0x308 ./main.o
 .debug_macro   0x00010649      0x63c ./main.o
 .debug_macro   0x00010c85      0x80a ./main.o
 .debug_macro   0x0001148f     0x12a1 ./main.o
 .debug_macro   0x00012730      0x76b ./main.o
 .debug_macro   0x00012e9b      0x8f3 ./main.o
 .debug_macro   0x0001378e     0x12f5 ./main.o
 .debug_macro   0x00014a83      0xd92 ./main.o
 .debug_macro   0x00015815      0x688 ./main.o
 .debug_macro   0x00015e9d      0x425 ./main.o
 .debug_macro   0x000162c2      0x3c3 ./main.o
 .debug_macro   0x00016685     0x243d ./main.o
 .debug_macro   0x00018ac2     0x12c4 ./main.o
 .debug_macro   0x00019d86      0x319 ./main.o
 .debug_macro   0x0001a09f     0x4b42 ./main.o
 .debug_macro   0x0001ebe1     0x151e ./main.o
 .debug_macro   0x000200ff     0x217a ./main.o
 .debug_macro   0x00022279     0x77cd ./main.o
 .debug_macro   0x00029a46     0x144e ./main.o
 .debug_macro   0x0002ae94     0x1348 ./main.o
 .debug_macro   0x0002c1dc      0x345 ./main.o
 .debug_macro   0x0002c521      0xff5 ./main.o
 .debug_macro   0x0002d516       0x22 ./main.o
 .debug_macro   0x0002d538       0x10 ./main.o
 .debug_macro   0x0002d548       0x78 ./main.o
 .debug_macro   0x0002d5c0       0x16 ./main.o
 .debug_macro   0x0002d5d6       0x10 ./main.o
 .debug_macro   0x0002d5e6       0xf6 ./main.o
 .debug_macro   0x0002d6dc       0xd6 ./main.o
 .debug_macro   0x0002d7b2       0x45 ./main.o
 .debug_macro   0x0002d7f7       0x74 ./main.o
 .debug_macro   0x0002d86b       0x1f ./main.o
 .debug_macro   0x0002d88a      0x2a3 ./gecko_sdk_4.0.0/platform/Device/SiliconLabs/EFR32MG21/Source/GCC/startup_efr32mg21.o
 .debug_macro   0x0002db2d      0x2c3 ./gecko_sdk_4.0.0/platform/Device/SiliconLabs/EFR32MG21/Source/system_efr32mg21.o
 .debug_macro   0x0002ddf0       0x92 ./gecko_sdk_4.0.0/platform/common/toolchain/src/sl_memory.o
 .debug_macro   0x0002de82      0x16d ./gecko_sdk_4.0.0/platform/common/toolchain/src/sl_memory.o
 .debug_macro   0x0002dfef       0x16 ./gecko_sdk_4.0.0/platform/common/toolchain/src/sl_memory.o
 .debug_macro   0x0002e005       0x2c ./gecko_sdk_4.0.0/platform/emlib/src/em_assert.o
 .debug_macro   0x0002e031      0x3b6 ./gecko_sdk_4.0.0/platform/emlib/src/em_cmu.o
 .debug_macro   0x0002e3e7       0x64 ./gecko_sdk_4.0.0/platform/emlib/src/em_cmu.o
 .debug_macro   0x0002e44b       0x7c ./gecko_sdk_4.0.0/platform/emlib/src/em_cmu.o
 .debug_macro   0x0002e4c7       0x17 ./gecko_sdk_4.0.0/platform/emlib/src/em_cmu.o
 .debug_macro   0x0002e4de       0xee ./gecko_sdk_4.0.0/platform/emlib/src/em_cmu.o
 .debug_macro   0x0002e5cc      0x2e7 ./gecko_sdk_4.0.0/platform/emlib/src/em_core.o
 .debug_macro   0x0002e8b3      0x2f4 ./gecko_sdk_4.0.0/platform/emlib/src/em_gpio.o
 .debug_macro   0x0002eba7      0x387 ./gecko_sdk_4.0.0/platform/emlib/src/em_i2c.o
 .debug_macro   0x0002ef2e       0x3f ./gecko_sdk_4.0.0/platform/emlib/src/em_i2c.o
 .debug_macro   0x0002ef6d      0x2c4 ./gecko_sdk_4.0.0/platform/emlib/src/em_system.o

.debug_line     0x00000000     0x8733
 .debug_line    0x00000000      0xe0a ./main.o
 .debug_line    0x00000e0a      0x872 ./gecko_sdk_4.0.0/platform/Device/SiliconLabs/EFR32MG21/Source/GCC/startup_efr32mg21.o
 .debug_line    0x0000167c      0xa67 ./gecko_sdk_4.0.0/platform/Device/SiliconLabs/EFR32MG21/Source/system_efr32mg21.o
 .debug_line    0x000020e3      0x3ed ./gecko_sdk_4.0.0/platform/common/toolchain/src/sl_memory.o
 .debug_line    0x000024d0      0x1d0 ./gecko_sdk_4.0.0/platform/emlib/src/em_assert.o
 .debug_line    0x000026a0     0x2653 ./gecko_sdk_4.0.0/platform/emlib/src/em_cmu.o
 .debug_line    0x00004cf3     0x1031 ./gecko_sdk_4.0.0/platform/emlib/src/em_core.o
 .debug_line    0x00005d24      0xd90 ./gecko_sdk_4.0.0/platform/emlib/src/em_gpio.o
 .debug_line    0x00006ab4     0x1342 ./gecko_sdk_4.0.0/platform/emlib/src/em_i2c.o
 .debug_line    0x00007df6      0x93d ./gecko_sdk_4.0.0/platform/emlib/src/em_system.o

.debug_str      0x00000000   0x13e1b0
 .debug_str     0x00000000   0x13ae9a ./main.o
                             0x13b4df (size before relaxing)
 .debug_str     0x0013ae9a      0x115 ./gecko_sdk_4.0.0/platform/Device/SiliconLabs/EFR32MG21/Source/GCC/startup_efr32mg21.o
                             0x134b57 (size before relaxing)
 .debug_str     0x0013afaf      0x3c6 ./gecko_sdk_4.0.0/platform/Device/SiliconLabs/EFR32MG21/Source/system_efr32mg21.o
                             0x1355d6 (size before relaxing)
 .debug_str     0x0013b375      0x146 ./gecko_sdk_4.0.0/platform/common/toolchain/src/sl_memory.o
                               0x4070 (size before relaxing)
 .debug_str     0x0013b4bb       0x53 ./gecko_sdk_4.0.0/platform/emlib/src/em_assert.o
                               0x2e7f (size before relaxing)
 .debug_str     0x0013b50e     0x20e7 ./gecko_sdk_4.0.0/platform/emlib/src/em_cmu.o
                             0x13b3c5 (size before relaxing)
 .debug_str     0x0013d5f5      0x381 ./gecko_sdk_4.0.0/platform/emlib/src/em_core.o
                             0x135e4f (size before relaxing)
 .debug_str     0x0013d976      0x3c4 ./gecko_sdk_4.0.0/platform/emlib/src/em_gpio.o
                             0x136d30 (size before relaxing)
 .debug_str     0x0013dd3a      0x291 ./gecko_sdk_4.0.0/platform/emlib/src/em_i2c.o
                             0x138da2 (size before relaxing)
 .debug_str     0x0013dfcb      0x1e5 ./gecko_sdk_4.0.0/platform/emlib/src/em_system.o
                             0x1356ad (size before relaxing)

.debug_frame    0x00000000      0xc14
 .debug_frame   0x00000000       0xe4 ./main.o
 .debug_frame   0x000000e4       0x38 ./gecko_sdk_4.0.0/platform/Device/SiliconLabs/EFR32MG21/Source/GCC/startup_efr32mg21.o
 .debug_frame   0x0000011c      0x108 ./gecko_sdk_4.0.0/platform/Device/SiliconLabs/EFR32MG21/Source/system_efr32mg21.o
 .debug_frame   0x00000224       0x40 ./gecko_sdk_4.0.0/platform/common/toolchain/src/sl_memory.o
 .debug_frame   0x00000264       0x20 ./gecko_sdk_4.0.0/platform/emlib/src/em_assert.o
 .debug_frame   0x00000284      0x418 ./gecko_sdk_4.0.0/platform/emlib/src/em_cmu.o
 .debug_frame   0x0000069c      0x244 ./gecko_sdk_4.0.0/platform/emlib/src/em_core.o
 .debug_frame   0x000008e0      0x16c ./gecko_sdk_4.0.0/platform/emlib/src/em_gpio.o
 .debug_frame   0x00000a4c       0xf4 ./gecko_sdk_4.0.0/platform/emlib/src/em_i2c.o
 .debug_frame   0x00000b40       0x40 ./gecko_sdk_4.0.0/platform/emlib/src/em_system.o
 .debug_frame   0x00000b80       0x28 c:/siliconlabs/simplicitystudio/v5/developer/toolchains/gnu_arm/10.2_2020q4/bin/../lib/gcc/arm-none-eabi/10.2.1/../../../../arm-none-eabi/lib/thumb/v8-m.main+fp/hard\libc_nano.a(lib_a-exit.o)
 .debug_frame   0x00000ba8       0x2c c:/siliconlabs/simplicitystudio/v5/developer/toolchains/gnu_arm/10.2_2020q4/bin/../lib/gcc/arm-none-eabi/10.2.1/../../../../arm-none-eabi/lib/thumb/v8-m.main+fp/hard\libc_nano.a(lib_a-init.o)
 .debug_frame   0x00000bd4       0x20 c:/siliconlabs/simplicitystudio/v5/developer/toolchains/gnu_arm/10.2_2020q4/bin/../lib/gcc/arm-none-eabi/10.2.1/../../../../arm-none-eabi/lib/thumb/v8-m.main+fp/hard\libc_nano.a(lib_a-memset.o)
 .debug_frame   0x00000bf4       0x20 c:/siliconlabs/simplicitystudio/v5/developer/toolchains/gnu_arm/10.2_2020q4/bin/../lib/gcc/arm-none-eabi/10.2.1/../../../../arm-none-eabi/lib/thumb/v8-m.main+fp/hard\libnosys.a(_exit.o)
